2026-04-05 11:35:22 [main] INFO  c.r.h.HouseRaspberryOutApplicationKt - Starting HouseRaspberryOutApplicationKt v0.0.1-SNAPSHOT using Java 25.0.2 with PID 1 (/app/app.jar started by root in /app)
2026-04-05 11:35:22 [main] INFO  c.r.h.HouseRaspberryOutApplicationKt - No active profile set, falling back to 1 default profile: "default"
2026-04-05 11:35:26 [main] INFO  o.s.boot.tomcat.TomcatWebServer - Tomcat initialized with port 8090 (http)
2026-04-05 11:35:26 [main] INFO  o.a.coyote.http11.Http11NioProtocol - Initializing ProtocolHandler ["http-nio-8090"]
2026-04-05 11:35:26 [main] INFO  o.a.catalina.core.StandardService - Starting service [Tomcat]
2026-04-05 11:35:26 [main] INFO  o.a.catalina.core.StandardEngine - Starting Servlet engine: [Apache Tomcat/11.0.18]
2026-04-05 11:35:26 [main] INFO  o.s.b.w.c.s.WebApplicationContextInitializer - Root WebApplicationContext: initialization completed in 4473 ms
2026-04-05 11:35:29 [main] INFO  n.d.b.g.s.a.GrpcServerFactoryAutoConfiguration - Detected grpc-netty-shaded: Creating ShadedNettyGrpcServerFactory
2026-04-05 11:35:29 [main] INFO  o.a.coyote.http11.Http11NioProtocol - Starting ProtocolHandler ["http-nio-8090"]
2026-04-05 11:35:29 [main] INFO  o.s.boot.tomcat.TomcatWebServer - Tomcat started on port 8090 (http) with context path '/'
2026-04-05 11:35:29 [main] INFO  n.d.b.g.s.s.AbstractGrpcServerFactory - Registered gRPC service: LedService, bean: ledGrpcHandler, class: com.raspberry.house_raspberry_out.grpc.LedGrpcHandler
2026-04-05 11:35:29 [main] INFO  n.d.b.g.s.s.AbstractGrpcServerFactory - Registered gRPC service: grpc.health.v1.Health, bean: grpcHealthService, class: io.grpc.protobuf.services.HealthServiceImpl
2026-04-05 11:35:29 [main] INFO  n.d.b.g.s.s.AbstractGrpcServerFactory - Registered gRPC service: grpc.reflection.v1alpha.ServerReflection, bean: protoReflectionService, class: io.grpc.protobuf.services.ProtoReflectionService
2026-04-05 11:35:29 [main] INFO  n.d.b.g.s.s.GrpcServerLifecycle - gRPC Server started, listening on address: 0.0.0.0, port: 9090
2026-04-05 11:35:29 [main] INFO  c.r.h.HouseRaspberryOutApplicationKt - Started HouseRaspberryOutApplicationKt in 10.138 seconds (process running for 11.635)
2026-04-05 11:36:35 [DefaultDispatcher-worker-1] INFO  c.r.h.service.LedService - Led 2 changed
2026-04-05 11:36:35 [DefaultDispatcher-worker-1] INFO  c.r.h.service.LedService - Led 2 changed
2026-04-05 11:44:16 [SpringApplicationShutdownHook] INFO  n.d.b.g.s.s.GrpcServerLifecycle - Completed gRPC server shutdown
2026-04-05 11:44:16 [SpringApplicationShutdownHook] INFO  o.s.boot.tomcat.GracefulShutdown - Commencing graceful shutdown. Waiting for active requests to complete
2026-04-05 11:44:16 [tomcat-shutdown] INFO  o.s.boot.tomcat.GracefulShutdown - Graceful shutdown complete
2026-04-05 11:45:24 [main] INFO  c.r.h.HouseRaspberryOutApplicationKt - Starting HouseRaspberryOutApplicationKt v0.0.1-SNAPSHOT using Java 25.0.2 with PID 1 (/app/app.jar started by root in /app)
2026-04-05 11:45:25 [main] INFO  c.r.h.HouseRaspberryOutApplicationKt - No active profile set, falling back to 1 default profile: "default"
2026-04-05 11:45:28 [main] INFO  o.s.boot.tomcat.TomcatWebServer - Tomcat initialized with port 8090 (http)
2026-04-05 11:45:28 [main] INFO  o.a.coyote.http11.Http11NioProtocol - Initializing ProtocolHandler ["http-nio-8090"]
2026-04-05 11:45:28 [main] INFO  o.a.catalina.core.StandardService - Starting service [Tomcat]
2026-04-05 11:45:28 [main] INFO  o.a.catalina.core.StandardEngine - Starting Servlet engine: [Apache Tomcat/11.0.18]
2026-04-05 11:45:28 [main] INFO  o.s.b.w.c.s.WebApplicationContextInitializer - Root WebApplicationContext: initialization completed in 3663 ms
2026-04-05 11:45:31 [main] INFO  n.d.b.g.s.a.GrpcServerFactoryAutoConfiguration - Detected grpc-netty-shaded: Creating ShadedNettyGrpcServerFactory
2026-04-05 11:45:31 [main] INFO  o.a.coyote.http11.Http11NioProtocol - Starting ProtocolHandler ["http-nio-8090"]
2026-04-05 11:45:31 [main] INFO  o.s.boot.tomcat.TomcatWebServer - Tomcat started on port 8090 (http) with context path '/'
2026-04-05 11:45:31 [main] INFO  n.d.b.g.s.s.AbstractGrpcServerFactory - Registered gRPC service: LedService, bean: ledGrpcHandler, class: com.raspberry.house_raspberry_out.grpc.LedGrpcHandler
2026-04-05 11:45:31 [main] INFO  n.d.b.g.s.s.AbstractGrpcServerFactory - Registered gRPC service: grpc.health.v1.Health, bean: grpcHealthService, class: io.grpc.protobuf.services.HealthServiceImpl
2026-04-05 11:45:31 [main] INFO  n.d.b.g.s.s.AbstractGrpcServerFactory - Registered gRPC service: grpc.reflection.v1alpha.ServerReflection, bean: protoReflectionService, class: io.grpc.protobuf.services.ProtoReflectionService
2026-04-05 11:45:31 [main] INFO  n.d.b.g.s.s.GrpcServerLifecycle - gRPC Server started, listening on address: 0.0.0.0, port: 9090
2026-04-05 11:45:31 [main] INFO  c.r.h.HouseRaspberryOutApplicationKt - Started HouseRaspberryOutApplicationKt in 8.96 seconds (process running for 10.572)
2026-04-05 11:48:57 [SpringApplicationShutdownHook] INFO  n.d.b.g.s.s.GrpcServerLifecycle - Completed gRPC server shutdown
2026-04-05 11:48:57 [SpringApplicationShutdownHook] INFO  o.s.boot.tomcat.GracefulShutdown - Commencing graceful shutdown. Waiting for active requests to complete
2026-04-05 11:48:57 [tomcat-shutdown] INFO  o.s.boot.tomcat.GracefulShutdown - Graceful shutdown complete
2026-04-05 11:49:09 [main] INFO  c.r.h.HouseRaspberryOutApplicationKt - Starting HouseRaspberryOutApplicationKt v0.0.1-SNAPSHOT using Java 25.0.2 with PID 1 (/app/app.jar started by root in /app)
2026-04-05 11:49:09 [main] INFO  c.r.h.HouseRaspberryOutApplicationKt - No active profile set, falling back to 1 default profile: "default"
2026-04-05 11:49:13 [main] INFO  o.s.boot.tomcat.TomcatWebServer - Tomcat initialized with port 8090 (http)
2026-04-05 11:49:13 [main] INFO  o.a.coyote.http11.Http11NioProtocol - Initializing ProtocolHandler ["http-nio-8090"]
2026-04-05 11:49:13 [main] INFO  o.a.catalina.core.StandardService - Starting service [Tomcat]
2026-04-05 11:49:13 [main] INFO  o.a.catalina.core.StandardEngine - Starting Servlet engine: [Apache Tomcat/11.0.18]
2026-04-05 11:49:14 [main] INFO  o.s.b.w.c.s.WebApplicationContextInitializer - Root WebApplicationContext: initialization completed in 4624 ms
2026-04-05 11:49:16 [main] INFO  n.d.b.g.s.a.GrpcServerFactoryAutoConfiguration - Detected grpc-netty-shaded: Creating ShadedNettyGrpcServerFactory
2026-04-05 11:49:16 [main] INFO  o.a.coyote.http11.Http11NioProtocol - Starting ProtocolHandler ["http-nio-8090"]
2026-04-05 11:49:16 [main] INFO  o.s.boot.tomcat.TomcatWebServer - Tomcat started on port 8090 (http) with context path '/'
2026-04-05 11:49:16 [main] INFO  n.d.b.g.s.s.AbstractGrpcServerFactory - Registered gRPC service: LedService, bean: ledGrpcHandler, class: com.raspberry.house_raspberry_out.grpc.LedGrpcHandler
2026-04-05 11:49:16 [main] INFO  n.d.b.g.s.s.AbstractGrpcServerFactory - Registered gRPC service: grpc.health.v1.Health, bean: grpcHealthService, class: io.grpc.protobuf.services.HealthServiceImpl
2026-04-05 11:49:16 [main] INFO  n.d.b.g.s.s.AbstractGrpcServerFactory - Registered gRPC service: grpc.reflection.v1alpha.ServerReflection, bean: protoReflectionService, class: io.grpc.protobuf.services.ProtoReflectionService
2026-04-05 11:49:16 [main] INFO  n.d.b.g.s.s.GrpcServerLifecycle - gRPC Server started, listening on address: 0.0.0.0, port: 9090
2026-04-05 11:49:16 [main] INFO  c.r.h.HouseRaspberryOutApplicationKt - Started HouseRaspberryOutApplicationKt in 9.902 seconds (process running for 11.574)
2026-04-05 12:00:01 [SpringApplicationShutdownHook] INFO  n.d.b.g.s.s.GrpcServerLifecycle - Completed gRPC server shutdown
2026-04-05 12:00:01 [SpringApplicationShutdownHook] INFO  o.s.boot.tomcat.GracefulShutdown - Commencing graceful shutdown. Waiting for active requests to complete
2026-04-05 12:00:01 [tomcat-shutdown] INFO  o.s.boot.tomcat.GracefulShutdown - Graceful shutdown complete
2026-04-05 12:00:14 [main] INFO  c.r.h.HouseRaspberryOutApplicationKt - Starting HouseRaspberryOutApplicationKt v0.0.1-SNAPSHOT using Java 25.0.2 with PID 1 (/app/app.jar started by root in /app)
2026-04-05 12:00:14 [main] INFO  c.r.h.HouseRaspberryOutApplicationKt - No active profile set, falling back to 1 default profile: "default"
2026-04-05 12:00:19 [main] INFO  o.s.boot.tomcat.TomcatWebServer - Tomcat initialized with port 8090 (http)
2026-04-05 12:00:19 [main] INFO  o.a.coyote.http11.Http11NioProtocol - Initializing ProtocolHandler ["http-nio-8090"]
2026-04-05 12:00:19 [main] INFO  o.a.catalina.core.StandardService - Starting service [Tomcat]
2026-04-05 12:00:19 [main] INFO  o.a.catalina.core.StandardEngine - Starting Servlet engine: [Apache Tomcat/11.0.18]
2026-04-05 12:00:19 [main] INFO  o.s.b.w.c.s.WebApplicationContextInitializer - Root WebApplicationContext: initialization completed in 4431 ms
2026-04-05 12:00:21 [main] INFO  n.d.b.g.s.a.GrpcServerFactoryAutoConfiguration - Detected grpc-netty-shaded: Creating ShadedNettyGrpcServerFactory
2026-04-05 12:00:21 [main] INFO  o.a.coyote.http11.Http11NioProtocol - Starting ProtocolHandler ["http-nio-8090"]
2026-04-05 12:00:21 [main] INFO  o.s.boot.tomcat.TomcatWebServer - Tomcat started on port 8090 (http) with context path '/'
2026-04-05 12:00:21 [main] INFO  n.d.b.g.s.s.AbstractGrpcServerFactory - Registered gRPC service: LedService, bean: ledGrpcHandler, class: com.raspberry.house_raspberry_out.grpc.LedGrpcHandler
2026-04-05 12:00:21 [main] INFO  n.d.b.g.s.s.AbstractGrpcServerFactory - Registered gRPC service: grpc.health.v1.Health, bean: grpcHealthService, class: io.grpc.protobuf.services.HealthServiceImpl
2026-04-05 12:00:21 [main] INFO  n.d.b.g.s.s.AbstractGrpcServerFactory - Registered gRPC service: grpc.reflection.v1alpha.ServerReflection, bean: protoReflectionService, class: io.grpc.protobuf.services.ProtoReflectionService
2026-04-05 12:00:21 [main] INFO  n.d.b.g.s.s.GrpcServerLifecycle - gRPC Server started, listening on address: 0.0.0.0, port: 9090
2026-04-05 12:00:21 [main] INFO  c.r.h.HouseRaspberryOutApplicationKt - Started HouseRaspberryOutApplicationKt in 9.593 seconds (process running for 10.996)
2026-04-05 12:05:36 [DefaultDispatcher-worker-1] INFO  c.r.h.service.LedService - Led 2 changed
2026-04-05 12:05:37 [DefaultDispatcher-worker-1] INFO  c.r.h.service.LedService - Led 2 changed
2026-04-05 12:09:12 [SpringApplicationShutdownHook] INFO  n.d.b.g.s.s.GrpcServerLifecycle - Completed gRPC server shutdown
2026-04-05 12:09:12 [SpringApplicationShutdownHook] INFO  o.s.boot.tomcat.GracefulShutdown - Commencing graceful shutdown. Waiting for active requests to complete
2026-04-05 12:09:12 [tomcat-shutdown] INFO  o.s.boot.tomcat.GracefulShutdown - Graceful shutdown complete
2026-04-05 12:09:23 [main] INFO  c.r.h.HouseRaspberryOutApplicationKt - Starting HouseRaspberryOutApplicationKt v0.0.1-SNAPSHOT using Java 25.0.2 with PID 1 (/app/app.jar started by root in /app)
2026-04-05 12:09:23 [main] INFO  c.r.h.HouseRaspberryOutApplicationKt - No active profile set, falling back to 1 default profile: "default"
2026-04-05 12:09:25 [main] INFO  o.s.boot.tomcat.TomcatWebServer - Tomcat initialized with port 8090 (http)
2026-04-05 12:09:25 [main] INFO  o.a.coyote.http11.Http11NioProtocol - Initializing ProtocolHandler ["http-nio-8090"]
2026-04-05 12:09:26 [main] INFO  o.a.catalina.core.StandardService - Starting service [Tomcat]
2026-04-05 12:09:26 [main] INFO  o.a.catalina.core.StandardEngine - Starting Servlet engine: [Apache Tomcat/11.0.18]
2026-04-05 12:09:26 [main] INFO  o.s.b.w.c.s.WebApplicationContextInitializer - Root WebApplicationContext: initialization completed in 2442 ms
2026-04-05 12:09:27 [main] INFO  n.d.b.g.s.a.GrpcServerFactoryAutoConfiguration - Detected grpc-netty-shaded: Creating ShadedNettyGrpcServerFactory
2026-04-05 12:09:28 [main] INFO  o.a.coyote.http11.Http11NioProtocol - Starting ProtocolHandler ["http-nio-8090"]
2026-04-05 12:09:28 [main] INFO  o.s.boot.tomcat.TomcatWebServer - Tomcat started on port 8090 (http) with context path '/'
2026-04-05 12:09:28 [main] INFO  n.d.b.g.s.s.AbstractGrpcServerFactory - Registered gRPC service: LedService, bean: ledGrpcHandler, class: com.raspberry.house_raspberry_out.grpc.LedGrpcHandler
2026-04-05 12:09:28 [main] INFO  n.d.b.g.s.s.AbstractGrpcServerFactory - Registered gRPC service: grpc.health.v1.Health, bean: grpcHealthService, class: io.grpc.protobuf.services.HealthServiceImpl
2026-04-05 12:09:28 [main] INFO  n.d.b.g.s.s.AbstractGrpcServerFactory - Registered gRPC service: grpc.reflection.v1alpha.ServerReflection, bean: protoReflectionService, class: io.grpc.protobuf.services.ProtoReflectionService
2026-04-05 12:09:28 [main] INFO  n.d.b.g.s.s.GrpcServerLifecycle - gRPC Server started, listening on address: 0.0.0.0, port: 9090
2026-04-05 12:09:28 [main] INFO  c.r.h.HouseRaspberryOutApplicationKt - Started HouseRaspberryOutApplicationKt in 6.345 seconds (process running for 7.272)
2026-04-05 12:16:13 [SpringApplicationShutdownHook] INFO  n.d.b.g.s.s.GrpcServerLifecycle - Completed gRPC server shutdown
2026-04-05 12:16:13 [SpringApplicationShutdownHook] INFO  o.s.boot.tomcat.GracefulShutdown - Commencing graceful shutdown. Waiting for active requests to complete
2026-04-05 12:16:13 [tomcat-shutdown] INFO  o.s.boot.tomcat.GracefulShutdown - Graceful shutdown complete
2026-04-05 12:18:16 [main] INFO  c.r.h.HouseRaspberryOutApplicationKt - Starting HouseRaspberryOutApplicationKt v0.0.1-SNAPSHOT using Java 25.0.2 with PID 1 (/app/app.jar started by root in /app)
2026-04-05 12:18:16 [main] INFO  c.r.h.HouseRaspberryOutApplicationKt - No active profile set, falling back to 1 default profile: "default"
2026-04-05 12:18:18 [main] INFO  o.s.boot.tomcat.TomcatWebServer - Tomcat initialized with port 8090 (http)
2026-04-05 12:18:18 [main] INFO  o.a.coyote.http11.Http11NioProtocol - Initializing ProtocolHandler ["http-nio-8090"]
2026-04-05 12:18:18 [main] INFO  o.a.catalina.core.StandardService - Starting service [Tomcat]
2026-04-05 12:18:18 [main] INFO  o.a.catalina.core.StandardEngine - Starting Servlet engine: [Apache Tomcat/11.0.18]
2026-04-05 12:18:18 [main] INFO  o.s.b.w.c.s.WebApplicationContextInitializer - Root WebApplicationContext: initialization completed in 1769 ms
2026-04-05 12:18:20 [main] INFO  n.d.b.g.s.a.GrpcServerFactoryAutoConfiguration - Detected grpc-netty-shaded: Creating ShadedNettyGrpcServerFactory
2026-04-05 12:18:20 [main] INFO  o.a.coyote.http11.Http11NioProtocol - Starting ProtocolHandler ["http-nio-8090"]
2026-04-05 12:18:20 [main] INFO  o.s.boot.tomcat.TomcatWebServer - Tomcat started on port 8090 (http) with context path '/'
2026-04-05 12:18:20 [main] INFO  n.d.b.g.s.s.AbstractGrpcServerFactory - Registered gRPC service: LedService, bean: ledGrpcHandler, class: com.raspberry.house_raspberry_out.grpc.LedGrpcHandler
2026-04-05 12:18:20 [main] INFO  n.d.b.g.s.s.AbstractGrpcServerFactory - Registered gRPC service: grpc.health.v1.Health, bean: grpcHealthService, class: io.grpc.protobuf.services.HealthServiceImpl
2026-04-05 12:18:20 [main] INFO  n.d.b.g.s.s.AbstractGrpcServerFactory - Registered gRPC service: grpc.reflection.v1alpha.ServerReflection, bean: protoReflectionService, class: io.grpc.protobuf.services.ProtoReflectionService
2026-04-05 12:18:20 [main] INFO  n.d.b.g.s.s.GrpcServerLifecycle - gRPC Server started, listening on address: 0.0.0.0, port: 9090
2026-04-05 12:18:20 [main] INFO  c.r.h.HouseRaspberryOutApplicationKt - Started HouseRaspberryOutApplicationKt in 5.027 seconds (process running for 5.877)
2026-04-05 12:18:25 [http-nio-8090-exec-1] INFO  o.a.c.c.C.[Tomcat].[localhost].[/] - Initializing Spring DispatcherServlet 'dispatcherServlet'
2026-04-05 12:18:25 [http-nio-8090-exec-1] INFO  o.s.web.servlet.DispatcherServlet - Initializing Servlet 'dispatcherServlet'
2026-04-05 12:18:25 [http-nio-8090-exec-1] INFO  o.s.web.servlet.DispatcherServlet - Completed initialization in 2 ms
2026-04-05 12:23:41 [SpringApplicationShutdownHook] INFO  n.d.b.g.s.s.GrpcServerLifecycle - Completed gRPC server shutdown
2026-04-05 12:23:41 [SpringApplicationShutdownHook] INFO  o.s.boot.tomcat.GracefulShutdown - Commencing graceful shutdown. Waiting for active requests to complete
2026-04-05 12:23:41 [tomcat-shutdown] INFO  o.s.boot.tomcat.GracefulShutdown - Graceful shutdown complete
2026-04-05 12:24:11 [main] INFO  c.r.h.HouseRaspberryOutApplicationKt - Starting HouseRaspberryOutApplicationKt v0.0.1-SNAPSHOT using Java 25.0.2 with PID 1 (/app/app.jar started by root in /app)
2026-04-05 12:24:11 [main] INFO  c.r.h.HouseRaspberryOutApplicationKt - No active profile set, falling back to 1 default profile: "default"
2026-04-05 12:24:13 [main] INFO  o.s.boot.tomcat.TomcatWebServer - Tomcat initialized with port 8090 (http)
2026-04-05 12:24:13 [main] INFO  o.a.coyote.http11.Http11NioProtocol - Initializing ProtocolHandler ["http-nio-8090"]
2026-04-05 12:24:13 [main] INFO  o.a.catalina.core.StandardService - Starting service [Tomcat]
2026-04-05 12:24:13 [main] INFO  o.a.catalina.core.StandardEngine - Starting Servlet engine: [Apache Tomcat/11.0.18]
2026-04-05 12:24:13 [main] INFO  o.s.b.w.c.s.WebApplicationContextInitializer - Root WebApplicationContext: initialization completed in 1863 ms
2026-04-05 12:24:14 [main] INFO  n.d.b.g.s.a.GrpcServerFactoryAutoConfiguration - Detected grpc-netty-shaded: Creating ShadedNettyGrpcServerFactory
2026-04-05 12:24:15 [main] INFO  o.a.coyote.http11.Http11NioProtocol - Starting ProtocolHandler ["http-nio-8090"]
2026-04-05 12:24:15 [main] INFO  o.s.boot.tomcat.TomcatWebServer - Tomcat started on port 8090 (http) with context path '/'
2026-04-05 12:24:15 [main] INFO  n.d.b.g.s.s.AbstractGrpcServerFactory - Registered gRPC service: LedService, bean: ledGrpcHandler, class: com.raspberry.house_raspberry_out.grpc.LedGrpcHandler
2026-04-05 12:24:15 [main] INFO  n.d.b.g.s.s.AbstractGrpcServerFactory - Registered gRPC service: grpc.health.v1.Health, bean: grpcHealthService, class: io.grpc.protobuf.services.HealthServiceImpl
2026-04-05 12:24:15 [main] INFO  n.d.b.g.s.s.AbstractGrpcServerFactory - Registered gRPC service: grpc.reflection.v1alpha.ServerReflection, bean: protoReflectionService, class: io.grpc.protobuf.services.ProtoReflectionService
2026-04-05 12:24:15 [main] INFO  n.d.b.g.s.s.GrpcServerLifecycle - gRPC Server started, listening on address: 0.0.0.0, port: 9090
2026-04-05 12:24:15 [main] INFO  c.r.h.HouseRaspberryOutApplicationKt - Started HouseRaspberryOutApplicationKt in 4.831 seconds (process running for 5.819)
2026-04-05 12:24:19 [http-nio-8090-exec-1] INFO  o.a.c.c.C.[Tomcat].[localhost].[/] - Initializing Spring DispatcherServlet 'dispatcherServlet'
2026-04-05 12:24:19 [http-nio-8090-exec-1] INFO  o.s.web.servlet.DispatcherServlet - Initializing Servlet 'dispatcherServlet'
2026-04-05 12:24:19 [http-nio-8090-exec-1] INFO  o.s.web.servlet.DispatcherServlet - Completed initialization in 1 ms
2026-04-05 12:29:31 [SpringApplicationShutdownHook] INFO  n.d.b.g.s.s.GrpcServerLifecycle - Completed gRPC server shutdown
2026-04-05 12:29:31 [SpringApplicationShutdownHook] INFO  o.s.boot.tomcat.GracefulShutdown - Commencing graceful shutdown. Waiting for active requests to complete
2026-04-05 12:29:31 [tomcat-shutdown] INFO  o.s.boot.tomcat.GracefulShutdown - Graceful shutdown complete
2026-04-05 12:33:42 [main] INFO  c.r.h.HouseRaspberryOutApplicationKt - Starting HouseRaspberryOutApplicationKt v0.0.1-SNAPSHOT using Java 25.0.2 with PID 1 (/app/app.jar started by root in /app)
2026-04-05 12:33:42 [main] INFO  c.r.h.HouseRaspberryOutApplicationKt - No active profile set, falling back to 1 default profile: "default"
2026-04-05 12:33:44 [main] INFO  o.s.boot.tomcat.TomcatWebServer - Tomcat initialized with port 8090 (http)
2026-04-05 12:33:44 [main] INFO  o.a.coyote.http11.Http11NioProtocol - Initializing ProtocolHandler ["http-nio-8090"]
2026-04-05 12:33:44 [main] INFO  o.a.catalina.core.StandardService - Starting service [Tomcat]
2026-04-05 12:33:44 [main] INFO  o.a.catalina.core.StandardEngine - Starting Servlet engine: [Apache Tomcat/11.0.18]
2026-04-05 12:33:44 [main] INFO  o.s.b.w.c.s.WebApplicationContextInitializer - Root WebApplicationContext: initialization completed in 2542 ms
2026-04-05 12:33:46 [main] INFO  n.d.b.g.s.a.GrpcServerFactoryAutoConfiguration - Detected grpc-netty-shaded: Creating ShadedNettyGrpcServerFactory
2026-04-05 12:33:47 [main] INFO  o.s.b.a.e.web.EndpointLinksResolver - Exposing 1 endpoint beneath base path '/actuator'
2026-04-05 12:33:47 [main] INFO  o.a.coyote.http11.Http11NioProtocol - Starting ProtocolHandler ["http-nio-8090"]
2026-04-05 12:33:47 [main] INFO  o.s.boot.tomcat.TomcatWebServer - Tomcat started on port 8090 (http) with context path '/'
2026-04-05 12:33:47 [main] INFO  n.d.b.g.s.s.AbstractGrpcServerFactory - Registered gRPC service: LedService, bean: ledGrpcHandler, class: com.raspberry.house_raspberry_out.grpc.LedGrpcHandler
2026-04-05 12:33:47 [main] INFO  n.d.b.g.s.s.AbstractGrpcServerFactory - Registered gRPC service: grpc.health.v1.Health, bean: grpcHealthService, class: io.grpc.protobuf.services.HealthServiceImpl
2026-04-05 12:33:47 [main] INFO  n.d.b.g.s.s.AbstractGrpcServerFactory - Registered gRPC service: grpc.reflection.v1alpha.ServerReflection, bean: protoReflectionService, class: io.grpc.protobuf.services.ProtoReflectionService
2026-04-05 12:33:48 [main] INFO  n.d.b.g.s.s.GrpcServerLifecycle - gRPC Server started, listening on address: 0.0.0.0, port: 9090
2026-04-05 12:33:48 [main] INFO  c.r.h.HouseRaspberryOutApplicationKt - Started HouseRaspberryOutApplicationKt in 7.292 seconds (process running for 8.236)
2026-04-05 12:33:50 [http-nio-8090-exec-1] INFO  o.a.c.c.C.[Tomcat].[localhost].[/] - Initializing Spring DispatcherServlet 'dispatcherServlet'
2026-04-05 12:33:50 [http-nio-8090-exec-1] INFO  o.s.web.servlet.DispatcherServlet - Initializing Servlet 'dispatcherServlet'
2026-04-05 12:33:50 [http-nio-8090-exec-1] INFO  o.s.web.servlet.DispatcherServlet - Completed initialization in 2 ms
2026-04-05 12:39:51 [SpringApplicationShutdownHook] INFO  n.d.b.g.s.s.GrpcServerLifecycle - Completed gRPC server shutdown
2026-04-05 12:39:51 [SpringApplicationShutdownHook] INFO  o.s.boot.tomcat.GracefulShutdown - Commencing graceful shutdown. Waiting for active requests to complete
2026-04-05 12:39:51 [tomcat-shutdown] INFO  o.s.boot.tomcat.GracefulShutdown - Graceful shutdown complete
2026-04-05 12:40:03 [main] INFO  c.r.h.HouseRaspberryOutApplicationKt - Starting HouseRaspberryOutApplicationKt v0.0.1-SNAPSHOT using Java 25.0.2 with PID 1 (/app/app.jar started by root in /app)
2026-04-05 12:40:03 [main] INFO  c.r.h.HouseRaspberryOutApplicationKt - No active profile set, falling back to 1 default profile: "default"
2026-04-05 12:40:05 [main] INFO  o.s.boot.tomcat.TomcatWebServer - Tomcat initialized with port 8090 (http)
2026-04-05 12:40:06 [main] INFO  o.a.coyote.http11.Http11NioProtocol - Initializing ProtocolHandler ["http-nio-8090"]
2026-04-05 12:40:06 [main] INFO  o.a.catalina.core.StandardService - Starting service [Tomcat]
2026-04-05 12:40:06 [main] INFO  o.a.catalina.core.StandardEngine - Starting Servlet engine: [Apache Tomcat/11.0.18]
2026-04-05 12:40:06 [main] INFO  o.s.b.w.c.s.WebApplicationContextInitializer - Root WebApplicationContext: initialization completed in 2625 ms
2026-04-05 12:40:07 [main] INFO  n.d.b.g.s.a.GrpcServerFactoryAutoConfiguration - Detected grpc-netty-shaded: Creating ShadedNettyGrpcServerFactory
2026-04-05 12:40:08 [main] INFO  o.s.b.a.e.web.EndpointLinksResolver - Exposing 1 endpoint beneath base path '/actuator'
2026-04-05 12:40:08 [main] INFO  o.a.coyote.http11.Http11NioProtocol - Starting ProtocolHandler ["http-nio-8090"]
2026-04-05 12:40:08 [main] INFO  o.s.boot.tomcat.TomcatWebServer - Tomcat started on port 8090 (http) with context path '/'
2026-04-05 12:40:08 [main] INFO  n.d.b.g.s.s.AbstractGrpcServerFactory - Registered gRPC service: LedService, bean: ledGrpcHandler, class: com.raspberry.house_raspberry_out.grpc.LedGrpcHandler
2026-04-05 12:40:08 [main] INFO  n.d.b.g.s.s.AbstractGrpcServerFactory - Registered gRPC service: grpc.health.v1.Health, bean: grpcHealthService, class: io.grpc.protobuf.services.HealthServiceImpl
2026-04-05 12:40:08 [main] INFO  n.d.b.g.s.s.AbstractGrpcServerFactory - Registered gRPC service: grpc.reflection.v1alpha.ServerReflection, bean: protoReflectionService, class: io.grpc.protobuf.services.ProtoReflectionService
2026-04-05 12:40:08 [main] INFO  n.d.b.g.s.s.GrpcServerLifecycle - gRPC Server started, listening on address: 0.0.0.0, port: 9090
2026-04-05 12:40:08 [main] INFO  c.r.h.HouseRaspberryOutApplicationKt - Started HouseRaspberryOutApplicationKt in 6.822 seconds (process running for 7.758)
2026-04-05 12:40:11 [http-nio-8090-exec-1] INFO  o.a.c.c.C.[Tomcat].[localhost].[/] - Initializing Spring DispatcherServlet 'dispatcherServlet'
2026-04-05 12:40:11 [http-nio-8090-exec-1] INFO  o.s.web.servlet.DispatcherServlet - Initializing Servlet 'dispatcherServlet'
2026-04-05 12:40:11 [http-nio-8090-exec-1] INFO  o.s.web.servlet.DispatcherServlet - Completed initialization in 2 ms
2026-04-05 12:44:03 [SpringApplicationShutdownHook] INFO  n.d.b.g.s.s.GrpcServerLifecycle - Completed gRPC server shutdown
2026-04-05 12:44:03 [SpringApplicationShutdownHook] INFO  o.s.boot.tomcat.GracefulShutdown - Commencing graceful shutdown. Waiting for active requests to complete
2026-04-05 12:44:03 [tomcat-shutdown] INFO  o.s.boot.tomcat.GracefulShutdown - Graceful shutdown complete
2026-04-05 12:46:21 [main] INFO  c.r.h.HouseRaspberryOutApplicationKt - Starting HouseRaspberryOutApplicationKt v0.0.1-SNAPSHOT using Java 25.0.2 with PID 1 (/app/app.jar started by root in /app)
2026-04-05 12:46:21 [main] INFO  c.r.h.HouseRaspberryOutApplicationKt - No active profile set, falling back to 1 default profile: "default"
2026-04-05 12:46:26 [main] INFO  o.s.boot.tomcat.TomcatWebServer - Tomcat initialized with port 8090 (http)
2026-04-05 12:46:26 [main] INFO  o.a.coyote.http11.Http11NioProtocol - Initializing ProtocolHandler ["http-nio-8090"]
2026-04-05 12:46:26 [main] INFO  o.a.catalina.core.StandardService - Starting service [Tomcat]
2026-04-05 12:46:26 [main] INFO  o.a.catalina.core.StandardEngine - Starting Servlet engine: [Apache Tomcat/11.0.18]
2026-04-05 12:46:26 [main] INFO  o.s.b.w.c.s.WebApplicationContextInitializer - Root WebApplicationContext: initialization completed in 5303 ms
2026-04-05 12:46:29 [main] INFO  n.d.b.g.s.a.GrpcServerFactoryAutoConfiguration - Detected grpc-netty-shaded: Creating ShadedNettyGrpcServerFactory
2026-04-05 12:46:30 [main] INFO  o.s.b.a.e.web.EndpointLinksResolver - Exposing 1 endpoint beneath base path '/actuator'
2026-04-05 12:46:30 [main] INFO  o.a.coyote.http11.Http11NioProtocol - Starting ProtocolHandler ["http-nio-8090"]
2026-04-05 12:46:30 [main] INFO  o.s.boot.tomcat.TomcatWebServer - Tomcat started on port 8090 (http) with context path '/'
2026-04-05 12:46:30 [main] INFO  n.d.b.g.s.s.AbstractGrpcServerFactory - Registered gRPC service: LedService, bean: ledGrpcHandler, class: com.raspberry.house_raspberry_out.grpc.LedGrpcHandler
2026-04-05 12:46:30 [main] INFO  n.d.b.g.s.s.AbstractGrpcServerFactory - Registered gRPC service: grpc.health.v1.Health, bean: grpcHealthService, class: io.grpc.protobuf.services.HealthServiceImpl
2026-04-05 12:46:30 [main] INFO  n.d.b.g.s.s.AbstractGrpcServerFactory - Registered gRPC service: grpc.reflection.v1alpha.ServerReflection, bean: protoReflectionService, class: io.grpc.protobuf.services.ProtoReflectionService
2026-04-05 12:46:31 [main] INFO  n.d.b.g.s.s.GrpcServerLifecycle - gRPC Server started, listening on address: 0.0.0.0, port: 9090
2026-04-05 12:46:31 [main] INFO  c.r.h.HouseRaspberryOutApplicationKt - Started HouseRaspberryOutApplicationKt in 12.286 seconds (process running for 14.062)
2026-04-05 12:46:32 [http-nio-8090-exec-2] INFO  o.a.c.c.C.[Tomcat].[localhost].[/] - Initializing Spring DispatcherServlet 'dispatcherServlet'
2026-04-05 12:46:32 [http-nio-8090-exec-2] INFO  o.s.web.servlet.DispatcherServlet - Initializing Servlet 'dispatcherServlet'
2026-04-05 12:46:32 [http-nio-8090-exec-2] INFO  o.s.web.servlet.DispatcherServlet - Completed initialization in 3 ms
2026-04-05 12:50:10 [SpringApplicationShutdownHook] INFO  n.d.b.g.s.s.GrpcServerLifecycle - Completed gRPC server shutdown
2026-04-05 12:50:10 [SpringApplicationShutdownHook] INFO  o.s.boot.tomcat.GracefulShutdown - Commencing graceful shutdown. Waiting for active requests to complete
2026-04-05 12:50:10 [tomcat-shutdown] INFO  o.s.boot.tomcat.GracefulShutdown - Graceful shutdown complete
2026-04-05 12:50:21 [main] INFO  c.r.h.HouseRaspberryOutApplicationKt - Starting HouseRaspberryOutApplicationKt v0.0.1-SNAPSHOT using Java 25.0.2 with PID 1 (/app/app.jar started by root in /app)
2026-04-05 12:50:21 [main] INFO  c.r.h.HouseRaspberryOutApplicationKt - No active profile set, falling back to 1 default profile: "default"
2026-04-05 12:50:23 [main] INFO  o.s.boot.tomcat.TomcatWebServer - Tomcat initialized with port 8090 (http)
2026-04-05 12:50:23 [main] INFO  o.a.coyote.http11.Http11NioProtocol - Initializing ProtocolHandler ["http-nio-8090"]
2026-04-05 12:50:23 [main] INFO  o.a.catalina.core.StandardService - Starting service [Tomcat]
2026-04-05 12:50:23 [main] INFO  o.a.catalina.core.StandardEngine - Starting Servlet engine: [Apache Tomcat/11.0.18]
2026-04-05 12:50:23 [main] INFO  o.s.b.w.c.s.WebApplicationContextInitializer - Root WebApplicationContext: initialization completed in 2667 ms
2026-04-05 12:50:25 [main] INFO  n.d.b.g.s.a.GrpcServerFactoryAutoConfiguration - Detected grpc-netty-shaded: Creating ShadedNettyGrpcServerFactory
2026-04-05 12:50:26 [main] INFO  o.s.b.a.e.web.EndpointLinksResolver - Exposing 1 endpoint beneath base path '/actuator'
2026-04-05 12:50:26 [main] INFO  o.a.coyote.http11.Http11NioProtocol - Starting ProtocolHandler ["http-nio-8090"]
2026-04-05 12:50:26 [main] INFO  o.s.boot.tomcat.TomcatWebServer - Tomcat started on port 8090 (http) with context path '/'
2026-04-05 12:50:26 [main] INFO  n.d.b.g.s.s.AbstractGrpcServerFactory - Registered gRPC service: LedService, bean: ledGrpcHandler, class: com.raspberry.house_raspberry_out.grpc.LedGrpcHandler
2026-04-05 12:50:26 [main] INFO  n.d.b.g.s.s.AbstractGrpcServerFactory - Registered gRPC service: grpc.health.v1.Health, bean: grpcHealthService, class: io.grpc.protobuf.services.HealthServiceImpl
2026-04-05 12:50:26 [main] INFO  n.d.b.g.s.s.AbstractGrpcServerFactory - Registered gRPC service: grpc.reflection.v1alpha.ServerReflection, bean: protoReflectionService, class: io.grpc.protobuf.services.ProtoReflectionService
2026-04-05 12:50:26 [main] INFO  n.d.b.g.s.s.GrpcServerLifecycle - gRPC Server started, listening on address: 0.0.0.0, port: 9090
2026-04-05 12:50:26 [main] INFO  c.r.h.HouseRaspberryOutApplicationKt - Started HouseRaspberryOutApplicationKt in 7.035 seconds (process running for 7.929)
2026-04-05 12:50:29 [http-nio-8090-exec-1] INFO  o.a.c.c.C.[Tomcat].[localhost].[/] - Initializing Spring DispatcherServlet 'dispatcherServlet'
2026-04-05 12:50:29 [http-nio-8090-exec-1] INFO  o.s.web.servlet.DispatcherServlet - Initializing Servlet 'dispatcherServlet'
2026-04-05 12:50:29 [http-nio-8090-exec-1] INFO  o.s.web.servlet.DispatcherServlet - Completed initialization in 2 ms
2026-04-05 12:50:39 [DefaultDispatcher-worker-1] INFO  c.r.h.service.LedService - Led 2 changed
2026-04-05 12:50:39 [DefaultDispatcher-worker-1] INFO  c.r.h.service.LedService - Led 2 changed
2026-04-05 12:52:09 [SpringApplicationShutdownHook] INFO  n.d.b.g.s.s.GrpcServerLifecycle - Completed gRPC server shutdown
2026-04-05 12:52:09 [SpringApplicationShutdownHook] INFO  o.s.boot.tomcat.GracefulShutdown - Commencing graceful shutdown. Waiting for active requests to complete
2026-04-05 12:52:09 [tomcat-shutdown] INFO  o.s.boot.tomcat.GracefulShutdown - Graceful shutdown complete
