2026-04-04 18:43:05 [main] INFO  c.r.h.HouseRaspberryOutApplicationKt - Starting HouseRaspberryOutApplicationKt using Java 25.0.2 with PID 8297 (/home/rafael/Desktop/raspberry_house_out/target/classes started by rafael in /home/rafael/Desktop/raspberry_house_out)
2026-04-04 18:43:05 [main] INFO  c.r.h.HouseRaspberryOutApplicationKt - No active profile set, falling back to 1 default profile: "default"
2026-04-04 18:43:07 [main] INFO  o.s.boot.tomcat.TomcatWebServer - Tomcat initialized with port 8090 (http)
2026-04-04 18:43:07 [main] INFO  o.a.coyote.http11.Http11NioProtocol - Initializing ProtocolHandler ["http-nio-8090"]
2026-04-04 18:43:07 [main] INFO  o.a.catalina.core.StandardService - Starting service [Tomcat]
2026-04-04 18:43:07 [main] INFO  o.a.catalina.core.StandardEngine - Starting Servlet engine: [Apache Tomcat/11.0.18]
2026-04-04 18:43:07 [main] INFO  o.s.b.w.c.s.WebApplicationContextInitializer - Root WebApplicationContext: initialization completed in 1521 ms
2026-04-04 18:43:08 [main] INFO  n.d.b.g.s.a.GrpcServerFactoryAutoConfiguration - Detected grpc-netty-shaded: Creating ShadedNettyGrpcServerFactory
2026-04-04 18:43:08 [main] INFO  o.a.coyote.http11.Http11NioProtocol - Starting ProtocolHandler ["http-nio-8090"]
2026-04-04 18:43:08 [main] INFO  o.s.boot.tomcat.TomcatWebServer - Tomcat started on port 8090 (http) with context path '/'
2026-04-04 18:43:08 [main] INFO  n.d.b.g.s.s.AbstractGrpcServerFactory - Registered gRPC service: LedService, bean: ledGrpcHandler, class: com.raspberry.house_raspberry_out.grpc.LedGrpcHandler
2026-04-04 18:43:08 [main] INFO  n.d.b.g.s.s.AbstractGrpcServerFactory - Registered gRPC service: grpc.health.v1.Health, bean: grpcHealthService, class: io.grpc.protobuf.services.HealthServiceImpl
2026-04-04 18:43:08 [main] INFO  n.d.b.g.s.s.AbstractGrpcServerFactory - Registered gRPC service: grpc.reflection.v1alpha.ServerReflection, bean: protoReflectionService, class: io.grpc.protobuf.services.ProtoReflectionService
2026-04-04 18:43:08 [main] INFO  n.d.b.g.s.s.GrpcServerLifecycle - gRPC Server started, listening on address: 0.0.0.0, port: 9090
2026-04-04 18:43:08 [main] INFO  c.r.h.HouseRaspberryOutApplicationKt - Started HouseRaspberryOutApplicationKt in 3.888 seconds (process running for 4.661)
2026-04-04 18:43:20 [http-nio-8090-exec-1] INFO  o.a.c.c.C.[Tomcat].[localhost].[/] - Initializing Spring DispatcherServlet 'dispatcherServlet'
2026-04-04 18:43:20 [http-nio-8090-exec-1] INFO  o.s.web.servlet.DispatcherServlet - Initializing Servlet 'dispatcherServlet'
2026-04-04 18:43:20 [http-nio-8090-exec-1] INFO  o.s.web.servlet.DispatcherServlet - Completed initialization in 1 ms
2026-04-04 18:43:21 [http-nio-8090-exec-1] INFO  c.r.h.service.LedService - Led 2 changed
2026-04-04 18:43:25 [http-nio-8090-exec-3] INFO  c.r.h.service.LedService - Led 2 changed
2026-04-04 18:43:28 [http-nio-8090-exec-4] INFO  c.r.h.service.LedService - Led 6 changed
2026-04-04 18:43:31 [http-nio-8090-exec-5] INFO  c.r.h.service.LedService - Led 1 changed
2026-04-04 18:43:34 [http-nio-8090-exec-6] INFO  c.r.h.service.LedService - Led 1 changed
2026-04-04 18:43:37 [http-nio-8090-exec-7] INFO  c.r.h.service.LedService - Led 6 changed
2026-04-04 18:46:41 [http-nio-8090-exec-10] INFO  c.r.h.service.LedService - Led 2 changed
2026-04-04 18:46:42 [http-nio-8090-exec-1] INFO  c.r.h.service.LedService - Led 2 changed
2026-04-04 18:46:43 [http-nio-8090-exec-2] INFO  c.r.h.service.LedService - Led 2 changed
2026-04-04 18:46:43 [http-nio-8090-exec-3] INFO  c.r.h.service.LedService - Led 2 changed
2026-04-04 18:46:45 [http-nio-8090-exec-4] INFO  c.r.h.service.LedService - Led 2 changed
2026-04-04 18:46:46 [http-nio-8090-exec-5] INFO  c.r.h.service.LedService - Led 2 changed
2026-04-04 18:51:49 [SpringApplicationShutdownHook] INFO  n.d.b.g.s.s.GrpcServerLifecycle - Completed gRPC server shutdown
2026-04-04 18:51:49 [SpringApplicationShutdownHook] INFO  o.s.boot.tomcat.GracefulShutdown - Commencing graceful shutdown. Waiting for active requests to complete
2026-04-04 18:51:49 [tomcat-shutdown] INFO  o.s.boot.tomcat.GracefulShutdown - Graceful shutdown complete
2026-04-04 18:51:56 [main] INFO  c.r.h.HouseRaspberryOutApplicationKt - Starting HouseRaspberryOutApplicationKt using Java 25.0.2 with PID 8923 (/home/rafael/Desktop/raspberry_house_out/target/classes started by rafael in /home/rafael/Desktop/raspberry_house_out)
2026-04-04 18:51:56 [main] INFO  c.r.h.HouseRaspberryOutApplicationKt - No active profile set, falling back to 1 default profile: "default"
2026-04-04 18:51:57 [main] INFO  o.s.boot.tomcat.TomcatWebServer - Tomcat initialized with port 8090 (http)
2026-04-04 18:51:57 [main] INFO  o.a.coyote.http11.Http11NioProtocol - Initializing ProtocolHandler ["http-nio-8090"]
2026-04-04 18:51:57 [main] INFO  o.a.catalina.core.StandardService - Starting service [Tomcat]
2026-04-04 18:51:57 [main] INFO  o.a.catalina.core.StandardEngine - Starting Servlet engine: [Apache Tomcat/11.0.18]
2026-04-04 18:51:57 [main] INFO  o.s.b.w.c.s.WebApplicationContextInitializer - Root WebApplicationContext: initialization completed in 1827 ms
2026-04-04 18:51:59 [main] INFO  n.d.b.g.s.a.GrpcServerFactoryAutoConfiguration - Detected grpc-netty-shaded: Creating ShadedNettyGrpcServerFactory
2026-04-04 18:51:59 [main] INFO  o.a.coyote.http11.Http11NioProtocol - Starting ProtocolHandler ["http-nio-8090"]
2026-04-04 18:51:59 [main] INFO  o.s.boot.tomcat.TomcatWebServer - Tomcat started on port 8090 (http) with context path '/'
2026-04-04 18:51:59 [main] INFO  n.d.b.g.s.s.AbstractGrpcServerFactory - Registered gRPC service: LedService, bean: ledGrpcHandler, class: com.raspberry.house_raspberry_out.grpc.LedGrpcHandler
2026-04-04 18:51:59 [main] INFO  n.d.b.g.s.s.AbstractGrpcServerFactory - Registered gRPC service: grpc.health.v1.Health, bean: grpcHealthService, class: io.grpc.protobuf.services.HealthServiceImpl
2026-04-04 18:51:59 [main] INFO  n.d.b.g.s.s.AbstractGrpcServerFactory - Registered gRPC service: grpc.reflection.v1alpha.ServerReflection, bean: protoReflectionService, class: io.grpc.protobuf.services.ProtoReflectionService
2026-04-04 18:51:59 [main] INFO  n.d.b.g.s.s.GrpcServerLifecycle - gRPC Server started, listening on address: 0.0.0.0, port: 9090
2026-04-04 18:51:59 [main] INFO  c.r.h.HouseRaspberryOutApplicationKt - Started HouseRaspberryOutApplicationKt in 4.976 seconds (process running for 5.785)
2026-04-04 18:52:20 [http-nio-8090-exec-1] INFO  o.a.c.c.C.[Tomcat].[localhost].[/] - Initializing Spring DispatcherServlet 'dispatcherServlet'
2026-04-04 18:52:20 [http-nio-8090-exec-1] INFO  o.s.web.servlet.DispatcherServlet - Initializing Servlet 'dispatcherServlet'
2026-04-04 18:52:20 [http-nio-8090-exec-1] INFO  o.s.web.servlet.DispatcherServlet - Completed initialization in 2 ms
2026-04-04 18:52:20 [http-nio-8090-exec-1] INFO  c.r.h.service.LedService - Led 2 changed
2026-04-04 18:52:20 [http-nio-8090-exec-2] INFO  c.r.h.service.LedService - Led 2 changed
2026-04-04 19:29:52 [SpringApplicationShutdownHook] INFO  n.d.b.g.s.s.GrpcServerLifecycle - Completed gRPC server shutdown
2026-04-04 19:29:52 [SpringApplicationShutdownHook] INFO  o.s.boot.tomcat.GracefulShutdown - Commencing graceful shutdown. Waiting for active requests to complete
2026-04-04 19:29:52 [tomcat-shutdown] INFO  o.s.boot.tomcat.GracefulShutdown - Graceful shutdown complete
2026-04-04 19:30:17 [main] INFO  c.r.h.HouseRaspberryOutApplicationKt - Starting HouseRaspberryOutApplicationKt using Java 25.0.2 with PID 15120 (/home/rafael/Desktop/raspberry_house_out/target/classes started by rafael in /home/rafael/Desktop/raspberry_house_out)
2026-04-04 19:30:17 [main] INFO  c.r.h.HouseRaspberryOutApplicationKt - No active profile set, falling back to 1 default profile: "default"
2026-04-04 19:30:20 [main] INFO  o.s.boot.tomcat.TomcatWebServer - Tomcat initialized with port 8090 (http)
2026-04-04 19:30:20 [main] INFO  o.a.coyote.http11.Http11NioProtocol - Initializing ProtocolHandler ["http-nio-8090"]
2026-04-04 19:30:20 [main] INFO  o.a.catalina.core.StandardService - Starting service [Tomcat]
2026-04-04 19:30:20 [main] INFO  o.a.catalina.core.StandardEngine - Starting Servlet engine: [Apache Tomcat/11.0.18]
2026-04-04 19:30:20 [main] INFO  o.s.b.w.c.s.WebApplicationContextInitializer - Root WebApplicationContext: initialization completed in 3084 ms
2026-04-04 19:30:22 [main] INFO  n.d.b.g.s.a.GrpcServerFactoryAutoConfiguration - Detected grpc-netty-shaded: Creating ShadedNettyGrpcServerFactory
2026-04-04 19:30:22 [main] INFO  o.a.coyote.http11.Http11NioProtocol - Starting ProtocolHandler ["http-nio-8090"]
2026-04-04 19:30:22 [main] INFO  o.s.boot.tomcat.TomcatWebServer - Tomcat started on port 8090 (http) with context path '/'
2026-04-04 19:30:22 [main] INFO  n.d.b.g.s.s.AbstractGrpcServerFactory - Registered gRPC service: LedService, bean: ledGrpcHandler, class: com.raspberry.house_raspberry_out.grpc.LedGrpcHandler
2026-04-04 19:30:22 [main] INFO  n.d.b.g.s.s.AbstractGrpcServerFactory - Registered gRPC service: grpc.health.v1.Health, bean: grpcHealthService, class: io.grpc.protobuf.services.HealthServiceImpl
2026-04-04 19:30:22 [main] INFO  n.d.b.g.s.s.AbstractGrpcServerFactory - Registered gRPC service: grpc.reflection.v1alpha.ServerReflection, bean: protoReflectionService, class: io.grpc.protobuf.services.ProtoReflectionService
2026-04-04 19:30:23 [main] INFO  n.d.b.g.s.s.GrpcServerLifecycle - gRPC Server started, listening on address: 0.0.0.0, port: 9090
2026-04-04 19:30:23 [main] INFO  c.r.h.HouseRaspberryOutApplicationKt - Started HouseRaspberryOutApplicationKt in 7.09 seconds (process running for 7.95)
2026-04-04 19:30:28 [DefaultDispatcher-worker-1] INFO  c.r.h.service.LedService - Led 2 changed
2026-04-04 19:30:29 [DefaultDispatcher-worker-1] INFO  c.r.h.service.LedService - Led 2 changed
2026-04-04 19:30:31 [DefaultDispatcher-worker-1] INFO  c.r.h.service.LedService - Led 2 changed
2026-04-04 19:30:32 [DefaultDispatcher-worker-1] INFO  c.r.h.service.LedService - Led 2 changed
2026-04-04 19:30:33 [DefaultDispatcher-worker-1] INFO  c.r.h.service.LedService - Led 2 changed
2026-04-04 19:30:34 [DefaultDispatcher-worker-1] INFO  c.r.h.service.LedService - Led 2 changed
2026-04-04 19:30:35 [DefaultDispatcher-worker-1] INFO  c.r.h.service.LedService - Led 2 changed
2026-04-04 19:30:36 [DefaultDispatcher-worker-1] INFO  c.r.h.service.LedService - Led 2 changed
2026-04-04 19:31:32 [http-nio-8090-exec-1] INFO  o.a.c.c.C.[Tomcat].[localhost].[/] - Initializing Spring DispatcherServlet 'dispatcherServlet'
2026-04-04 19:31:32 [http-nio-8090-exec-1] INFO  o.s.web.servlet.DispatcherServlet - Initializing Servlet 'dispatcherServlet'
2026-04-04 19:31:32 [http-nio-8090-exec-1] INFO  o.s.web.servlet.DispatcherServlet - Completed initialization in 1 ms
2026-04-04 19:31:32 [http-nio-8090-exec-1] INFO  c.r.h.service.LedService - Led 2 changed
2026-04-04 19:31:33 [http-nio-8090-exec-2] INFO  c.r.h.service.LedService - Led 2 changed
2026-04-04 19:31:34 [http-nio-8090-exec-3] INFO  c.r.h.service.LedService - Led 2 changed
2026-04-04 19:31:35 [http-nio-8090-exec-4] INFO  c.r.h.service.LedService - Led 2 changed
2026-04-04 19:31:36 [http-nio-8090-exec-5] INFO  c.r.h.service.LedService - Led 2 changed
2026-04-04 19:31:36 [http-nio-8090-exec-6] INFO  c.r.h.service.LedService - Led 2 changed
2026-04-04 19:31:37 [http-nio-8090-exec-7] INFO  c.r.h.service.LedService - Led 2 changed
2026-04-04 19:31:38 [http-nio-8090-exec-8] INFO  c.r.h.service.LedService - Led 2 changed
2026-04-04 19:31:39 [http-nio-8090-exec-9] INFO  c.r.h.service.LedService - Led 2 changed
2026-04-04 19:31:40 [http-nio-8090-exec-10] INFO  c.r.h.service.LedService - Led 2 changed
2026-04-04 19:33:40 [SpringApplicationShutdownHook] INFO  n.d.b.g.s.s.GrpcServerLifecycle - Completed gRPC server shutdown
2026-04-04 19:33:40 [SpringApplicationShutdownHook] INFO  o.s.boot.tomcat.GracefulShutdown - Commencing graceful shutdown. Waiting for active requests to complete
2026-04-04 19:33:40 [tomcat-shutdown] INFO  o.s.boot.tomcat.GracefulShutdown - Graceful shutdown complete
