2026-04-01 09:04:40 [main] INFO  c.r.h.HouseRaspberryOutApplicationKt - Starting HouseRaspberryOutApplicationKt v0.0.1-SNAPSHOT using Java 25.0.2 with PID 1 (/app/app.jar started by root in /app)
2026-04-01 09:04:40 [main] INFO  c.r.h.HouseRaspberryOutApplicationKt - No active profile set, falling back to 1 default profile: "default"
2026-04-01 09:04:44 [main] INFO  o.s.boot.tomcat.TomcatWebServer - Tomcat initialized with port 8090 (http)
2026-04-01 09:04:44 [main] INFO  o.a.coyote.http11.Http11NioProtocol - Initializing ProtocolHandler ["http-nio-8090"]
2026-04-01 09:04:44 [main] INFO  o.a.catalina.core.StandardService - Starting service [Tomcat]
2026-04-01 09:04:44 [main] INFO  o.a.catalina.core.StandardEngine - Starting Servlet engine: [Apache Tomcat/11.0.18]
2026-04-01 09:04:44 [main] INFO  o.s.b.w.c.s.WebApplicationContextInitializer - Root WebApplicationContext: initialization completed in 3750 ms
2026-04-01 09:04:47 [main] INFO  n.d.b.g.s.a.GrpcServerFactoryAutoConfiguration - Detected grpc-netty-shaded: Creating ShadedNettyGrpcServerFactory
2026-04-01 09:04:47 [main] INFO  o.a.coyote.http11.Http11NioProtocol - Starting ProtocolHandler ["http-nio-8090"]
2026-04-01 09:04:47 [main] INFO  o.s.boot.tomcat.TomcatWebServer - Tomcat started on port 8090 (http) with context path '/'
2026-04-01 09:04:47 [main] INFO  n.d.b.g.s.s.AbstractGrpcServerFactory - Registered gRPC service: LedService, bean: ledGrpcHandler, class: com.raspberry.house_raspberry_out.grpc.LedGrpcHandler
2026-04-01 09:04:47 [main] INFO  n.d.b.g.s.s.AbstractGrpcServerFactory - Registered gRPC service: grpc.health.v1.Health, bean: grpcHealthService, class: io.grpc.protobuf.services.HealthServiceImpl
2026-04-01 09:04:47 [main] INFO  n.d.b.g.s.s.AbstractGrpcServerFactory - Registered gRPC service: grpc.reflection.v1alpha.ServerReflection, bean: protoReflectionService, class: io.grpc.protobuf.services.ProtoReflectionService
2026-04-01 09:04:47 [main] INFO  n.d.b.g.s.s.GrpcServerLifecycle - gRPC Server started, listening on address: *, port: 9090
2026-04-01 09:04:47 [main] INFO  c.r.h.HouseRaspberryOutApplicationKt - Started HouseRaspberryOutApplicationKt in 9.092 seconds (process running for 10.468)
2026-04-01 09:15:06 [http-nio-8090-exec-1] INFO  o.a.c.c.C.[Tomcat].[localhost].[/] - Initializing Spring DispatcherServlet 'dispatcherServlet'
2026-04-01 09:15:06 [http-nio-8090-exec-1] INFO  o.s.web.servlet.DispatcherServlet - Initializing Servlet 'dispatcherServlet'
2026-04-01 09:15:06 [http-nio-8090-exec-1] INFO  o.s.web.servlet.DispatcherServlet - Completed initialization in 6 ms
2026-04-01 09:15:06 [http-nio-8090-exec-1] INFO  c.r.h.service.LedService - Led 1 changed
2026-04-01 09:15:07 [http-nio-8090-exec-2] INFO  c.r.h.service.LedService - Led 2 changed
2026-04-01 09:15:36 [http-nio-8090-exec-6] INFO  c.r.h.service.LedService - Led 1 changed
2026-04-01 09:15:39 [http-nio-8090-exec-7] INFO  c.r.h.service.LedService - Led 2 changed
2026-04-01 09:15:55 [SpringApplicationShutdownHook] INFO  n.d.b.g.s.s.GrpcServerLifecycle - Completed gRPC server shutdown
2026-04-01 09:15:55 [SpringApplicationShutdownHook] INFO  o.s.boot.tomcat.GracefulShutdown - Commencing graceful shutdown. Waiting for active requests to complete
2026-04-01 09:15:55 [tomcat-shutdown] INFO  o.s.boot.tomcat.GracefulShutdown - Graceful shutdown complete
2026-04-01 09:19:15 [main] INFO  c.r.h.HouseRaspberryOutApplicationKt - Starting HouseRaspberryOutApplicationKt v0.0.1-SNAPSHOT using Java 25.0.2 with PID 1 (/app/app.jar started by root in /app)
2026-04-01 09:19:15 [main] INFO  c.r.h.HouseRaspberryOutApplicationKt - No active profile set, falling back to 1 default profile: "default"
2026-04-01 09:19:17 [main] INFO  o.s.boot.tomcat.TomcatWebServer - Tomcat initialized with port 8090 (http)
2026-04-01 09:19:17 [main] INFO  o.a.coyote.http11.Http11NioProtocol - Initializing ProtocolHandler ["http-nio-8090"]
2026-04-01 09:19:17 [main] INFO  o.a.catalina.core.StandardService - Starting service [Tomcat]
2026-04-01 09:19:17 [main] INFO  o.a.catalina.core.StandardEngine - Starting Servlet engine: [Apache Tomcat/11.0.18]
2026-04-01 09:19:17 [main] INFO  o.s.b.w.c.s.WebApplicationContextInitializer - Root WebApplicationContext: initialization completed in 1996 ms
2026-04-01 09:19:19 [main] INFO  n.d.b.g.s.a.GrpcServerFactoryAutoConfiguration - Detected grpc-netty-shaded: Creating ShadedNettyGrpcServerFactory
2026-04-01 09:19:19 [main] INFO  o.a.coyote.http11.Http11NioProtocol - Starting ProtocolHandler ["http-nio-8090"]
2026-04-01 09:19:19 [main] INFO  o.s.boot.tomcat.TomcatWebServer - Tomcat started on port 8090 (http) with context path '/'
2026-04-01 09:19:19 [main] INFO  n.d.b.g.s.s.AbstractGrpcServerFactory - Registered gRPC service: LedService, bean: ledGrpcHandler, class: com.raspberry.house_raspberry_out.grpc.LedGrpcHandler
2026-04-01 09:19:19 [main] INFO  n.d.b.g.s.s.AbstractGrpcServerFactory - Registered gRPC service: grpc.health.v1.Health, bean: grpcHealthService, class: io.grpc.protobuf.services.HealthServiceImpl
2026-04-01 09:19:19 [main] INFO  n.d.b.g.s.s.AbstractGrpcServerFactory - Registered gRPC service: grpc.reflection.v1alpha.ServerReflection, bean: protoReflectionService, class: io.grpc.protobuf.services.ProtoReflectionService
2026-04-01 09:19:19 [main] INFO  n.d.b.g.s.s.GrpcServerLifecycle - gRPC Server started, listening on address: *, port: 9090
2026-04-01 09:19:19 [main] INFO  c.r.h.HouseRaspberryOutApplicationKt - Started HouseRaspberryOutApplicationKt in 5.702 seconds (process running for 7.507)
2026-04-01 12:11:08 [http-nio-8090-exec-1] INFO  o.a.c.c.C.[Tomcat].[localhost].[/] - Initializing Spring DispatcherServlet 'dispatcherServlet'
2026-04-01 12:11:08 [http-nio-8090-exec-1] INFO  o.s.web.servlet.DispatcherServlet - Initializing Servlet 'dispatcherServlet'
2026-04-01 12:11:08 [http-nio-8090-exec-1] INFO  o.s.web.servlet.DispatcherServlet - Completed initialization in 6 ms
2026-04-01 12:11:08 [http-nio-8090-exec-1] INFO  c.r.h.service.LedService - Led 2 changed
2026-04-01 12:16:58 [SpringApplicationShutdownHook] INFO  n.d.b.g.s.s.GrpcServerLifecycle - Completed gRPC server shutdown
2026-04-01 12:16:58 [SpringApplicationShutdownHook] INFO  o.s.boot.tomcat.GracefulShutdown - Commencing graceful shutdown. Waiting for active requests to complete
2026-04-01 12:16:58 [tomcat-shutdown] INFO  o.s.boot.tomcat.GracefulShutdown - Graceful shutdown complete
2026-04-01 12:17:49 [main] INFO  c.r.h.HouseRaspberryOutApplicationKt - Starting HouseRaspberryOutApplicationKt v0.0.1-SNAPSHOT using Java 25.0.2 with PID 1 (/app/app.jar started by root in /app)
2026-04-01 12:17:49 [main] INFO  c.r.h.HouseRaspberryOutApplicationKt - No active profile set, falling back to 1 default profile: "default"
2026-04-01 12:17:52 [main] INFO  o.s.boot.tomcat.TomcatWebServer - Tomcat initialized with port 8090 (http)
2026-04-01 12:17:52 [main] INFO  o.a.coyote.http11.Http11NioProtocol - Initializing ProtocolHandler ["http-nio-8090"]
2026-04-01 12:17:52 [main] INFO  o.a.catalina.core.StandardService - Starting service [Tomcat]
2026-04-01 12:17:52 [main] INFO  o.a.catalina.core.StandardEngine - Starting Servlet engine: [Apache Tomcat/11.0.18]
2026-04-01 12:17:52 [main] INFO  o.s.b.w.c.s.WebApplicationContextInitializer - Root WebApplicationContext: initialization completed in 2093 ms
2026-04-01 12:17:53 [main] INFO  n.d.b.g.s.a.GrpcServerFactoryAutoConfiguration - Detected grpc-netty-shaded: Creating ShadedNettyGrpcServerFactory
2026-04-01 12:17:53 [main] INFO  o.a.coyote.http11.Http11NioProtocol - Starting ProtocolHandler ["http-nio-8090"]
2026-04-01 12:17:53 [main] INFO  o.s.boot.tomcat.TomcatWebServer - Tomcat started on port 8090 (http) with context path '/'
2026-04-01 12:17:54 [main] INFO  n.d.b.g.s.s.AbstractGrpcServerFactory - Registered gRPC service: LedService, bean: ledGrpcHandler, class: com.raspberry.house_raspberry_out.grpc.LedGrpcHandler
2026-04-01 12:17:54 [main] INFO  n.d.b.g.s.s.AbstractGrpcServerFactory - Registered gRPC service: grpc.health.v1.Health, bean: grpcHealthService, class: io.grpc.protobuf.services.HealthServiceImpl
2026-04-01 12:17:54 [main] INFO  n.d.b.g.s.s.AbstractGrpcServerFactory - Registered gRPC service: grpc.reflection.v1alpha.ServerReflection, bean: protoReflectionService, class: io.grpc.protobuf.services.ProtoReflectionService
2026-04-01 12:17:54 [main] INFO  n.d.b.g.s.s.GrpcServerLifecycle - gRPC Server started, listening on address: *, port: 9090
2026-04-01 12:17:54 [main] INFO  c.r.h.HouseRaspberryOutApplicationKt - Started HouseRaspberryOutApplicationKt in 5.506 seconds (process running for 6.486)
2026-04-01 12:18:02 [http-nio-8090-exec-1] INFO  o.a.c.c.C.[Tomcat].[localhost].[/] - Initializing Spring DispatcherServlet 'dispatcherServlet'
2026-04-01 12:18:02 [http-nio-8090-exec-1] INFO  o.s.web.servlet.DispatcherServlet - Initializing Servlet 'dispatcherServlet'
2026-04-01 12:18:02 [http-nio-8090-exec-1] INFO  o.s.web.servlet.DispatcherServlet - Completed initialization in 2 ms
2026-04-01 12:18:02 [http-nio-8090-exec-1] INFO  c.r.h.service.LedService - Led 2 changed
2026-04-01 12:18:26 [SpringApplicationShutdownHook] INFO  n.d.b.g.s.s.GrpcServerLifecycle - Completed gRPC server shutdown
2026-04-01 12:18:26 [SpringApplicationShutdownHook] INFO  o.s.boot.tomcat.GracefulShutdown - Commencing graceful shutdown. Waiting for active requests to complete
2026-04-01 12:18:26 [tomcat-shutdown] INFO  o.s.boot.tomcat.GracefulShutdown - Graceful shutdown complete
2026-04-01 12:19:29 [main] INFO  c.r.h.HouseRaspberryOutApplicationKt - Starting HouseRaspberryOutApplicationKt v0.0.1-SNAPSHOT using Java 25.0.2 with PID 1 (/app/app.jar started by root in /app)
2026-04-01 12:19:29 [main] INFO  c.r.h.HouseRaspberryOutApplicationKt - No active profile set, falling back to 1 default profile: "default"
2026-04-01 12:19:31 [main] INFO  o.s.boot.tomcat.TomcatWebServer - Tomcat initialized with port 8090 (http)
2026-04-01 12:19:31 [main] INFO  o.a.coyote.http11.Http11NioProtocol - Initializing ProtocolHandler ["http-nio-8090"]
2026-04-01 12:19:31 [main] INFO  o.a.catalina.core.StandardService - Starting service [Tomcat]
2026-04-01 12:19:31 [main] INFO  o.a.catalina.core.StandardEngine - Starting Servlet engine: [Apache Tomcat/11.0.18]
2026-04-01 12:19:32 [main] INFO  o.s.b.w.c.s.WebApplicationContextInitializer - Root WebApplicationContext: initialization completed in 2680 ms
2026-04-01 12:19:33 [main] INFO  n.d.b.g.s.a.GrpcServerFactoryAutoConfiguration - Detected grpc-netty-shaded: Creating ShadedNettyGrpcServerFactory
2026-04-01 12:19:33 [main] INFO  o.a.coyote.http11.Http11NioProtocol - Starting ProtocolHandler ["http-nio-8090"]
2026-04-01 12:19:33 [main] INFO  o.s.boot.tomcat.TomcatWebServer - Tomcat started on port 8090 (http) with context path '/'
2026-04-01 12:19:33 [main] INFO  n.d.b.g.s.s.AbstractGrpcServerFactory - Registered gRPC service: LedService, bean: ledGrpcHandler, class: com.raspberry.house_raspberry_out.grpc.LedGrpcHandler
2026-04-01 12:19:33 [main] INFO  n.d.b.g.s.s.AbstractGrpcServerFactory - Registered gRPC service: grpc.health.v1.Health, bean: grpcHealthService, class: io.grpc.protobuf.services.HealthServiceImpl
2026-04-01 12:19:33 [main] INFO  n.d.b.g.s.s.AbstractGrpcServerFactory - Registered gRPC service: grpc.reflection.v1alpha.ServerReflection, bean: protoReflectionService, class: io.grpc.protobuf.services.ProtoReflectionService
2026-04-01 12:19:34 [main] INFO  n.d.b.g.s.s.GrpcServerLifecycle - gRPC Server started, listening on address: 0.0.0.0, port: 9090
2026-04-01 12:19:34 [main] INFO  c.r.h.HouseRaspberryOutApplicationKt - Started HouseRaspberryOutApplicationKt in 5.84 seconds (process running for 6.732)
2026-04-01 12:21:13 [SpringApplicationShutdownHook] INFO  n.d.b.g.s.s.GrpcServerLifecycle - Completed gRPC server shutdown
2026-04-01 12:21:13 [SpringApplicationShutdownHook] INFO  o.s.boot.tomcat.GracefulShutdown - Commencing graceful shutdown. Waiting for active requests to complete
2026-04-01 12:21:13 [tomcat-shutdown] INFO  o.s.boot.tomcat.GracefulShutdown - Graceful shutdown complete
2026-04-01 12:23:26 [main] INFO  c.r.h.HouseRaspberryOutApplicationKt - Starting HouseRaspberryOutApplicationKt v0.0.1-SNAPSHOT using Java 25.0.2 with PID 1 (/app/app.jar started by root in /app)
2026-04-01 12:23:26 [main] INFO  c.r.h.HouseRaspberryOutApplicationKt - No active profile set, falling back to 1 default profile: "default"
2026-04-01 12:23:28 [main] INFO  o.s.boot.tomcat.TomcatWebServer - Tomcat initialized with port 8090 (http)
2026-04-01 12:23:28 [main] INFO  o.a.coyote.http11.Http11NioProtocol - Initializing ProtocolHandler ["http-nio-8090"]
2026-04-01 12:23:28 [main] INFO  o.a.catalina.core.StandardService - Starting service [Tomcat]
2026-04-01 12:23:28 [main] INFO  o.a.catalina.core.StandardEngine - Starting Servlet engine: [Apache Tomcat/11.0.18]
2026-04-01 12:23:28 [main] INFO  o.s.b.w.c.s.WebApplicationContextInitializer - Root WebApplicationContext: initialization completed in 2157 ms
2026-04-01 12:23:29 [main] INFO  n.d.b.g.s.a.GrpcServerFactoryAutoConfiguration - Detected grpc-netty-shaded: Creating ShadedNettyGrpcServerFactory
2026-04-01 12:23:30 [main] INFO  o.a.coyote.http11.Http11NioProtocol - Starting ProtocolHandler ["http-nio-8090"]
2026-04-01 12:23:30 [main] INFO  o.s.boot.tomcat.TomcatWebServer - Tomcat started on port 8090 (http) with context path '/'
2026-04-01 12:23:30 [main] INFO  n.d.b.g.s.s.AbstractGrpcServerFactory - Registered gRPC service: LedService, bean: ledGrpcHandler, class: com.raspberry.house_raspberry_out.grpc.LedGrpcHandler
2026-04-01 12:23:30 [main] INFO  n.d.b.g.s.s.AbstractGrpcServerFactory - Registered gRPC service: grpc.health.v1.Health, bean: grpcHealthService, class: io.grpc.protobuf.services.HealthServiceImpl
2026-04-01 12:23:30 [main] INFO  n.d.b.g.s.s.AbstractGrpcServerFactory - Registered gRPC service: grpc.reflection.v1alpha.ServerReflection, bean: protoReflectionService, class: io.grpc.protobuf.services.ProtoReflectionService
2026-04-01 12:23:30 [main] INFO  n.d.b.g.s.s.GrpcServerLifecycle - gRPC Server started, listening on address: 0.0.0.0, port: 9090
2026-04-01 12:23:30 [main] INFO  c.r.h.HouseRaspberryOutApplicationKt - Started HouseRaspberryOutApplicationKt in 5.436 seconds (process running for 6.418)
2026-04-01 12:29:58 [DefaultDispatcher-worker-1] INFO  c.r.h.service.LedService - Led 1 changed
2026-04-01 12:30:22 [DefaultDispatcher-worker-2] INFO  c.r.h.service.LedService - Led 1 changed
2026-04-01 12:34:06 [SpringApplicationShutdownHook] INFO  n.d.b.g.s.s.GrpcServerLifecycle - Completed gRPC server shutdown
2026-04-01 12:34:06 [SpringApplicationShutdownHook] INFO  o.s.boot.tomcat.GracefulShutdown - Commencing graceful shutdown. Waiting for active requests to complete
2026-04-01 12:34:06 [tomcat-shutdown] INFO  o.s.boot.tomcat.GracefulShutdown - Graceful shutdown complete
2026-04-01 12:31:15 [main] INFO  c.r.h.HouseRaspberryOutApplicationKt - Starting HouseRaspberryOutApplicationKt v0.0.1-SNAPSHOT using Java 25.0.2 with PID 1 (/app/app.jar started by root in /app)
2026-04-01 12:31:15 [main] INFO  c.r.h.HouseRaspberryOutApplicationKt - No active profile set, falling back to 1 default profile: "default"
2026-04-01 12:31:19 [main] INFO  o.s.boot.tomcat.TomcatWebServer - Tomcat initialized with port 8090 (http)
2026-04-01 12:31:19 [main] INFO  o.a.coyote.http11.Http11NioProtocol - Initializing ProtocolHandler ["http-nio-8090"]
2026-04-01 12:31:19 [main] INFO  o.a.catalina.core.StandardService - Starting service [Tomcat]
2026-04-01 12:31:19 [main] INFO  o.a.catalina.core.StandardEngine - Starting Servlet engine: [Apache Tomcat/11.0.18]
2026-04-01 12:31:19 [main] INFO  o.s.b.w.c.s.WebApplicationContextInitializer - Root WebApplicationContext: initialization completed in 3849 ms
2026-04-01 12:31:21 [main] INFO  n.d.b.g.s.a.GrpcServerFactoryAutoConfiguration - Detected grpc-netty-shaded: Creating ShadedNettyGrpcServerFactory
2026-04-01 12:31:22 [main] INFO  o.a.coyote.http11.Http11NioProtocol - Starting ProtocolHandler ["http-nio-8090"]
2026-04-01 12:31:22 [main] INFO  o.s.boot.tomcat.TomcatWebServer - Tomcat started on port 8090 (http) with context path '/'
2026-04-01 12:31:22 [main] INFO  n.d.b.g.s.s.AbstractGrpcServerFactory - Registered gRPC service: LedService, bean: ledGrpcHandler, class: com.raspberry.house_raspberry_out.grpc.LedGrpcHandler
2026-04-01 12:31:22 [main] INFO  n.d.b.g.s.s.AbstractGrpcServerFactory - Registered gRPC service: grpc.health.v1.Health, bean: grpcHealthService, class: io.grpc.protobuf.services.HealthServiceImpl
2026-04-01 12:31:22 [main] INFO  n.d.b.g.s.s.AbstractGrpcServerFactory - Registered gRPC service: grpc.reflection.v1alpha.ServerReflection, bean: protoReflectionService, class: io.grpc.protobuf.services.ProtoReflectionService
2026-04-01 12:31:23 [main] INFO  n.d.b.g.s.s.GrpcServerLifecycle - gRPC Server started, listening on address: 0.0.0.0, port: 9090
2026-04-01 12:31:23 [main] INFO  c.r.h.HouseRaspberryOutApplicationKt - Started HouseRaspberryOutApplicationKt in 9.612 seconds (process running for 10.619)
