2026-03-23 11:36:47 [main] INFO  c.r.h.HouseRaspberryOutApplicationKt - Starting HouseRaspberryOutApplicationKt v0.0.1-SNAPSHOT using Java 25.0.2 with PID 1 (/app/app.jar started by root in /app)
2026-03-23 11:36:47 [main] INFO  c.r.h.HouseRaspberryOutApplicationKt - No active profile set, falling back to 1 default profile: "default"
2026-03-23 11:36:50 [main] INFO  o.s.boot.tomcat.TomcatWebServer - Tomcat initialized with port 8090 (http)
2026-03-23 11:36:50 [main] INFO  o.a.coyote.http11.Http11NioProtocol - Initializing ProtocolHandler ["http-nio-8090"]
2026-03-23 11:36:50 [main] INFO  o.a.catalina.core.StandardService - Starting service [Tomcat]
2026-03-23 11:36:50 [main] INFO  o.a.catalina.core.StandardEngine - Starting Servlet engine: [Apache Tomcat/11.0.18]
2026-03-23 11:36:50 [main] INFO  o.s.b.w.c.s.WebApplicationContextInitializer - Root WebApplicationContext: initialization completed in 1936 ms
2026-03-23 11:36:51 [main] INFO  o.a.coyote.http11.Http11NioProtocol - Starting ProtocolHandler ["http-nio-8090"]
2026-03-23 11:36:51 [main] INFO  o.s.boot.tomcat.TomcatWebServer - Tomcat started on port 8090 (http) with context path '/'
2026-03-23 11:36:51 [main] INFO  c.r.h.HouseRaspberryOutApplicationKt - Started HouseRaspberryOutApplicationKt in 5.862 seconds (process running for 7.135)
2026-03-23 11:37:26 [http-nio-8090-exec-1] INFO  o.a.c.c.C.[Tomcat].[localhost].[/] - Initializing Spring DispatcherServlet 'dispatcherServlet'
2026-03-23 11:37:26 [http-nio-8090-exec-1] INFO  o.s.web.servlet.DispatcherServlet - Initializing Servlet 'dispatcherServlet'
2026-03-23 11:37:26 [http-nio-8090-exec-1] INFO  o.s.web.servlet.DispatcherServlet - Completed initialization in 2 ms
2026-03-23 11:39:01 [SpringApplicationShutdownHook] INFO  o.s.boot.tomcat.GracefulShutdown - Commencing graceful shutdown. Waiting for active requests to complete
2026-03-23 11:39:01 [tomcat-shutdown] INFO  o.s.boot.tomcat.GracefulShutdown - Graceful shutdown complete
2026-03-23 11:39:57 [main] INFO  c.r.h.HouseRaspberryOutApplicationKt - Starting HouseRaspberryOutApplicationKt v0.0.1-SNAPSHOT using Java 25.0.2 with PID 1 (/app/app.jar started by root in /app)
2026-03-23 11:39:57 [main] INFO  c.r.h.HouseRaspberryOutApplicationKt - No active profile set, falling back to 1 default profile: "default"
2026-03-23 11:40:00 [main] INFO  o.s.boot.tomcat.TomcatWebServer - Tomcat initialized with port 8090 (http)
2026-03-23 11:40:00 [main] INFO  o.a.coyote.http11.Http11NioProtocol - Initializing ProtocolHandler ["http-nio-8090"]
2026-03-23 11:40:00 [main] INFO  o.a.catalina.core.StandardService - Starting service [Tomcat]
2026-03-23 11:40:00 [main] INFO  o.a.catalina.core.StandardEngine - Starting Servlet engine: [Apache Tomcat/11.0.18]
2026-03-23 11:40:00 [main] INFO  o.s.b.w.c.s.WebApplicationContextInitializer - Root WebApplicationContext: initialization completed in 3101 ms
2026-03-23 11:40:01 [main] INFO  o.a.coyote.http11.Http11NioProtocol - Starting ProtocolHandler ["http-nio-8090"]
2026-03-23 11:40:01 [main] INFO  o.s.boot.tomcat.TomcatWebServer - Tomcat started on port 8090 (http) with context path '/'
2026-03-23 11:40:01 [main] INFO  c.r.h.HouseRaspberryOutApplicationKt - Started HouseRaspberryOutApplicationKt in 5.797 seconds (process running for 6.711)
2026-03-23 11:40:02 [http-nio-8090-exec-1] INFO  o.a.c.c.C.[Tomcat].[localhost].[/] - Initializing Spring DispatcherServlet 'dispatcherServlet'
2026-03-23 11:40:02 [http-nio-8090-exec-1] INFO  o.s.web.servlet.DispatcherServlet - Initializing Servlet 'dispatcherServlet'
2026-03-23 11:40:02 [http-nio-8090-exec-1] INFO  o.s.web.servlet.DispatcherServlet - Completed initialization in 2 ms
2026-03-23 11:44:16 [SpringApplicationShutdownHook] INFO  o.s.boot.tomcat.GracefulShutdown - Commencing graceful shutdown. Waiting for active requests to complete
2026-03-23 11:44:16 [tomcat-shutdown] INFO  o.s.boot.tomcat.GracefulShutdown - Graceful shutdown complete
2026-03-23 11:45:05 [main] INFO  c.r.h.HouseRaspberryOutApplicationKt - Starting HouseRaspberryOutApplicationKt v0.0.1-SNAPSHOT using Java 25.0.2 with PID 1 (/app/app.jar started by root in /app)
2026-03-23 11:45:05 [main] INFO  c.r.h.HouseRaspberryOutApplicationKt - No active profile set, falling back to 1 default profile: "default"
2026-03-23 11:45:07 [main] INFO  o.s.boot.tomcat.TomcatWebServer - Tomcat initialized with port 8090 (http)
2026-03-23 11:45:07 [main] INFO  o.a.coyote.http11.Http11NioProtocol - Initializing ProtocolHandler ["http-nio-8090"]
2026-03-23 11:45:07 [main] INFO  o.a.catalina.core.StandardService - Starting service [Tomcat]
2026-03-23 11:45:07 [main] INFO  o.a.catalina.core.StandardEngine - Starting Servlet engine: [Apache Tomcat/11.0.18]
2026-03-23 11:45:07 [main] INFO  o.s.b.w.c.s.WebApplicationContextInitializer - Root WebApplicationContext: initialization completed in 1913 ms
2026-03-23 11:45:08 [main] INFO  o.a.coyote.http11.Http11NioProtocol - Starting ProtocolHandler ["http-nio-8090"]
2026-03-23 11:45:08 [main] INFO  o.s.boot.tomcat.TomcatWebServer - Tomcat started on port 8090 (http) with context path '/'
2026-03-23 11:45:08 [main] INFO  c.r.h.HouseRaspberryOutApplicationKt - Started HouseRaspberryOutApplicationKt in 4.714 seconds (process running for 5.64)
2026-03-23 11:45:13 [http-nio-8090-exec-1] INFO  o.a.c.c.C.[Tomcat].[localhost].[/] - Initializing Spring DispatcherServlet 'dispatcherServlet'
2026-03-23 11:45:13 [http-nio-8090-exec-1] INFO  o.s.web.servlet.DispatcherServlet - Initializing Servlet 'dispatcherServlet'
2026-03-23 11:45:13 [http-nio-8090-exec-1] INFO  o.s.web.servlet.DispatcherServlet - Completed initialization in 4 ms
2026-03-23 11:45:14 [http-nio-8090-exec-1] INFO  c.r.h.service.LedService - Led 6 changed
2026-03-23 11:45:18 [http-nio-8090-exec-3] INFO  c.r.h.service.LedService - Led 5 changed
2026-03-23 11:45:21 [http-nio-8090-exec-4] INFO  c.r.h.service.LedService - Led 4 changed
2026-03-23 11:45:24 [http-nio-8090-exec-2] INFO  c.r.h.service.LedService - Led 3 changed
2026-03-23 11:45:25 [http-nio-8090-exec-5] INFO  c.r.h.service.LedService - Led 2 changed
2026-03-23 11:45:26 [http-nio-8090-exec-6] INFO  c.r.h.service.LedService - Led 1 changed
2026-03-23 11:45:28 [http-nio-8090-exec-7] INFO  c.r.h.service.LedService - Led 2 changed
2026-03-23 11:45:29 [http-nio-8090-exec-8] INFO  c.r.h.service.LedService - Led 1 changed
2026-03-23 11:45:30 [http-nio-8090-exec-9] INFO  c.r.h.service.LedService - Led 3 changed
2026-03-23 11:45:32 [http-nio-8090-exec-10] INFO  c.r.h.service.LedService - Led 4 changed
2026-03-23 11:45:35 [http-nio-8090-exec-1] INFO  c.r.h.service.LedService - Led 5 changed
2026-03-23 11:45:36 [http-nio-8090-exec-3] INFO  c.r.h.service.LedService - Led 6 changed
2026-03-23 11:45:52 [SpringApplicationShutdownHook] INFO  o.s.boot.tomcat.GracefulShutdown - Commencing graceful shutdown. Waiting for active requests to complete
2026-03-23 11:45:53 [tomcat-shutdown] INFO  o.s.boot.tomcat.GracefulShutdown - Graceful shutdown complete
