2026-04-01 06:16:20 [main] INFO  c.r.h.HouseRaspberryOutApplicationKt - Starting HouseRaspberryOutApplicationKt using Java 25.0.2 with PID 8277 (/home/rafael/Desktop/raspberry_house_out/target/classes started by rafael in /home/rafael/Desktop/raspberry_house_out)
2026-04-01 06:16:20 [main] INFO  c.r.h.HouseRaspberryOutApplicationKt - No active profile set, falling back to 1 default profile: "default"
2026-04-01 06:16:22 [main] INFO  o.s.boot.tomcat.TomcatWebServer - Tomcat initialized with port 8090 (http)
2026-04-01 06:16:22 [main] INFO  o.a.coyote.http11.Http11NioProtocol - Initializing ProtocolHandler ["http-nio-8090"]
2026-04-01 06:16:22 [main] INFO  o.a.catalina.core.StandardService - Starting service [Tomcat]
2026-04-01 06:16:22 [main] INFO  o.a.catalina.core.StandardEngine - Starting Servlet engine: [Apache Tomcat/11.0.18]
2026-04-01 06:16:22 [main] INFO  o.s.b.w.c.s.WebApplicationContextInitializer - Root WebApplicationContext: initialization completed in 1534 ms
2026-04-01 06:16:23 [main] INFO  n.d.b.g.s.a.GrpcServerFactoryAutoConfiguration - Detected grpc-netty-shaded: Creating ShadedNettyGrpcServerFactory
2026-04-01 06:16:23 [main] INFO  o.a.coyote.http11.Http11NioProtocol - Starting ProtocolHandler ["http-nio-8090"]
2026-04-01 06:16:23 [main] INFO  o.s.boot.tomcat.TomcatWebServer - Tomcat started on port 8090 (http) with context path '/'
2026-04-01 06:16:23 [main] INFO  n.d.b.g.s.s.AbstractGrpcServerFactory - Registered gRPC service: LedService, bean: ledGrpcHandler, class: com.raspberry.house_raspberry_out.grpc.LedGrpcHandler
2026-04-01 06:16:23 [main] INFO  n.d.b.g.s.s.AbstractGrpcServerFactory - Registered gRPC service: grpc.health.v1.Health, bean: grpcHealthService, class: io.grpc.protobuf.services.HealthServiceImpl
2026-04-01 06:16:23 [main] INFO  n.d.b.g.s.s.AbstractGrpcServerFactory - Registered gRPC service: grpc.reflection.v1alpha.ServerReflection, bean: protoReflectionService, class: io.grpc.protobuf.services.ProtoReflectionService
2026-04-01 06:16:23 [main] INFO  n.d.b.g.s.s.GrpcServerLifecycle - gRPC Server started, listening on address: *, port: 9090
2026-04-01 06:16:23 [main] INFO  c.r.h.HouseRaspberryOutApplicationKt - Started HouseRaspberryOutApplicationKt in 3.971 seconds (process running for 4.935)
2026-04-01 06:16:39 [http-nio-8090-exec-1] INFO  o.a.c.c.C.[Tomcat].[localhost].[/] - Initializing Spring DispatcherServlet 'dispatcherServlet'
2026-04-01 06:16:39 [http-nio-8090-exec-1] INFO  o.s.web.servlet.DispatcherServlet - Initializing Servlet 'dispatcherServlet'
2026-04-01 06:16:39 [http-nio-8090-exec-1] INFO  o.s.web.servlet.DispatcherServlet - Completed initialization in 1 ms
2026-04-01 06:16:39 [http-nio-8090-exec-1] INFO  c.r.h.service.LedService - Led 2 changed
2026-04-01 06:16:58 [http-nio-8090-exec-2] INFO  c.r.h.service.LedService - Led 2 changed
2026-04-01 06:17:36 [SpringApplicationShutdownHook] INFO  n.d.b.g.s.s.GrpcServerLifecycle - Completed gRPC server shutdown
2026-04-01 06:17:36 [SpringApplicationShutdownHook] INFO  o.s.boot.tomcat.GracefulShutdown - Commencing graceful shutdown. Waiting for active requests to complete
2026-04-01 06:17:36 [tomcat-shutdown] INFO  o.s.boot.tomcat.GracefulShutdown - Graceful shutdown complete
